// Jest Snapshot v1, https://goo.gl/fbAQLP

exports[`Table component should render a table 1`] = `"<table class=\\"gridjs gridjs-table\\"><tbody class=\\"gridjs gridjs-tbody\\"><tr class=\\"gridjs gridjs-tr\\"><td class=\\"gridjs gridjs-td\\">1</td><td class=\\"gridjs gridjs-td\\">2</td><td class=\\"gridjs gridjs-td\\">3</td></tr><tr class=\\"gridjs gridjs-tr\\"><td class=\\"gridjs gridjs-td\\">a</td><td class=\\"gridjs gridjs-td\\">b</td><td class=\\"gridjs gridjs-td\\">c</td></tr></tbody></table>"`;

exports[`Table component should render a table with header 1`] = `"<table class=\\"gridjs gridjs-table\\"><thead class=\\"gridjs gridjs-thead\\"><tr class=\\"gridjs gridjs-tr\\"><th class=\\"gridjs gridjs-th\\">h1</th><th class=\\"gridjs gridjs-th\\">h2</th><th class=\\"gridjs gridjs-th\\">h3</th></tr></thead><tbody class=\\"gridjs gridjs-tbody\\"><tr class=\\"gridjs gridjs-tr\\"><td class=\\"gridjs gridjs-td\\">1</td><td class=\\"gridjs gridjs-td\\">2</td><td class=\\"gridjs gridjs-td\\">3</td></tr><tr class=\\"gridjs gridjs-tr\\"><td class=\\"gridjs gridjs-td\\">a</td><td class=\\"gridjs gridjs-td\\">b</td><td class=\\"gridjs gridjs-td\\">c</td></tr></tbody></table>"`;

exports[`Table component should render a table with width 1`] = `"<table class=\\"gridjs gridjs-table\\" style=\\"width: 300px;\\"><thead class=\\"gridjs gridjs-thead\\"><tr class=\\"gridjs gridjs-tr\\"><th class=\\"gridjs gridjs-th\\">h1</th><th class=\\"gridjs gridjs-th\\">h2</th><th class=\\"gridjs gridjs-th\\">h3</th></tr></thead><tbody class=\\"gridjs gridjs-tbody\\"><tr class=\\"gridjs gridjs-tr\\"><td class=\\"gridjs gridjs-td\\">1</td><td class=\\"gridjs gridjs-td\\">2</td><td class=\\"gridjs gridjs-td\\">3</td></tr><tr class=\\"gridjs gridjs-tr\\"><td class=\\"gridjs gridjs-td\\">a</td><td class=\\"gridjs gridjs-td\\">b</td><td class=\\"gridjs gridjs-td\\">c</td></tr></tbody></table>"`;
