// Jest Snapshot v1, https://goo.gl/fbAQLP

exports[`Table component should attach styles 1`] = `"<table role=\\"grid\\" class=\\"gridjs-table\\" style=\\"padding: 2px; margin: 1px; width: 100%;\\"><thead class=\\"gridjs-thead\\"><tr class=\\"gridjs-tr\\"><th class=\\"gridjs-th\\" style=\\"border: 1px solid black;\\">h1</th><th class=\\"gridjs-th\\" style=\\"border: 1px solid black;\\">h2</th><th class=\\"gridjs-th\\" style=\\"border: 1px solid black;\\">h3</th></tr></thead><tbody class=\\"gridjs-tbody\\"></tbody></table>"`;

exports[`Table component should render a table 1`] = `"<table role=\\"grid\\" class=\\"gridjs-table\\" style=\\"width: 100%;\\"><tbody class=\\"gridjs-tbody\\"><tr class=\\"gridjs-tr\\"><td class=\\"gridjs-td\\">1</td><td class=\\"gridjs-td\\">2</td><td class=\\"gridjs-td\\">3</td></tr><tr class=\\"gridjs-tr\\"><td class=\\"gridjs-td\\">a</td><td class=\\"gridjs-td\\">b</td><td class=\\"gridjs-td\\">c</td></tr></tbody></table>"`;

exports[`Table component should render a table with column sort 1`] = `"<table role=\\"grid\\" class=\\"gridjs-table\\" style=\\"width: 100%;\\"><thead class=\\"gridjs-thead\\"><tr class=\\"gridjs-tr\\"><th class=\\"gridjs-th gridjs-th-sort\\" tabindex=\\"0\\">h1<button tabindex=\\"-1\\" aria-label=\\"Sort column ascending\\" title=\\"Sort column ascending\\" class=\\"gridjs-sort gridjs-sort-neutral\\"></button></th><th class=\\"gridjs-th\\">h2</th><th class=\\"gridjs-th gridjs-th-sort\\" tabindex=\\"0\\">h3<button tabindex=\\"-1\\" aria-label=\\"Sort column ascending\\" title=\\"Sort column ascending\\" class=\\"gridjs-sort gridjs-sort-neutral\\"></button></th></tr></thead><tbody class=\\"gridjs-tbody\\"><tr class=\\"gridjs-tr\\"><td class=\\"gridjs-td\\">1</td><td class=\\"gridjs-td\\">2</td><td class=\\"gridjs-td\\">3</td></tr><tr class=\\"gridjs-tr\\"><td class=\\"gridjs-td\\">a</td><td class=\\"gridjs-td\\">b</td><td class=\\"gridjs-td\\">c</td></tr></tbody></table>"`;

exports[`Table component should render a table with column width 1`] = `"<table role=\\"grid\\" class=\\"gridjs-table\\" style=\\"width: 100%;\\"><thead class=\\"gridjs-thead\\"><tr class=\\"gridjs-tr\\"><th class=\\"gridjs-th\\" style=\\"width: 10%;\\">h1</th><th class=\\"gridjs-th\\">h2</th><th class=\\"gridjs-th\\" style=\\"width: 300px;\\">h3</th></tr></thead><tbody class=\\"gridjs-tbody\\"><tr class=\\"gridjs-tr\\"><td class=\\"gridjs-td\\">1</td><td class=\\"gridjs-td\\">2</td><td class=\\"gridjs-td\\">3</td></tr><tr class=\\"gridjs-tr\\"><td class=\\"gridjs-td\\">a</td><td class=\\"gridjs-td\\">b</td><td class=\\"gridjs-td\\">c</td></tr></tbody></table>"`;

exports[`Table component should render a table with header 1`] = `"<table role=\\"grid\\" class=\\"gridjs-table\\" style=\\"width: 100%;\\"><thead class=\\"gridjs-thead\\"><tr class=\\"gridjs-tr\\"><th class=\\"gridjs-th\\">h1</th><th class=\\"gridjs-th\\">h2</th><th class=\\"gridjs-th\\">h3</th></tr></thead><tbody class=\\"gridjs-tbody\\"><tr class=\\"gridjs-tr\\"><td class=\\"gridjs-td\\">1</td><td class=\\"gridjs-td\\">2</td><td class=\\"gridjs-td\\">3</td></tr><tr class=\\"gridjs-tr\\"><td class=\\"gridjs-td\\">a</td><td class=\\"gridjs-td\\">b</td><td class=\\"gridjs-td\\">c</td></tr></tbody></table>"`;

exports[`Table component should render a table with loading 1`] = `"<table role=\\"grid\\" class=\\"gridjs-table\\" style=\\"width: 100%;\\"><tbody class=\\"gridjs-tbody\\"><tr class=\\"gridjs-tr\\"><td class=\\"gridjs-td\\">1</td><td class=\\"gridjs-td\\">2</td><td class=\\"gridjs-td\\">3</td></tr><tr class=\\"gridjs-tr\\"><td class=\\"gridjs-td\\">a</td><td class=\\"gridjs-td\\">b</td><td class=\\"gridjs-td\\">c</td></tr></tbody></table>"`;

exports[`Table component should render a table with null 1`] = `"<table role=\\"grid\\" class=\\"gridjs-table\\" style=\\"width: 100%;\\"><thead class=\\"gridjs-thead\\"><tr class=\\"gridjs-tr\\"><th class=\\"gridjs-th\\">h1</th><th class=\\"gridjs-th\\">h2</th><th class=\\"gridjs-th\\">h3</th></tr></thead><tbody class=\\"gridjs-tbody\\"></tbody></table>"`;

exports[`Table component should render a table with width 1`] = `"<table role=\\"grid\\" class=\\"gridjs-table\\" style=\\"width: 300px;\\"><thead class=\\"gridjs-thead\\"><tr class=\\"gridjs-tr\\"><th class=\\"gridjs-th\\">h1</th><th class=\\"gridjs-th\\">h2</th><th class=\\"gridjs-th\\">h3</th></tr></thead><tbody class=\\"gridjs-tbody\\"><tr class=\\"gridjs-tr\\"><td class=\\"gridjs-td\\">1</td><td class=\\"gridjs-td\\">2</td><td class=\\"gridjs-td\\">3</td></tr><tr class=\\"gridjs-tr\\"><td class=\\"gridjs-td\\">a</td><td class=\\"gridjs-td\\">b</td><td class=\\"gridjs-td\\">c</td></tr></tbody></table>"`;

exports[`Table component should render a table without autoFix 1`] = `"<table role=\\"grid\\" class=\\"gridjs-table\\" style=\\"width: 100%;\\"><thead class=\\"gridjs-thead\\"><tr class=\\"gridjs-tr\\"><th class=\\"gridjs-th\\">h1</th><th class=\\"gridjs-th\\">h2</th><th class=\\"gridjs-th\\">h3</th></tr></thead><tbody class=\\"gridjs-tbody\\"><tr class=\\"gridjs-tr\\"><td class=\\"gridjs-td\\">1</td><td class=\\"gridjs-td\\">2</td><td class=\\"gridjs-td\\">3</td></tr><tr class=\\"gridjs-tr\\"><td class=\\"gridjs-td\\">a</td><td class=\\"gridjs-td\\">b</td><td class=\\"gridjs-td\\">c</td></tr></tbody></table>"`;

exports[`Table component should render a table without data 1`] = `"<table role=\\"grid\\" class=\\"gridjs-table\\" style=\\"width: 100%;\\"><thead class=\\"gridjs-thead\\"><tr class=\\"gridjs-tr\\"><th class=\\"gridjs-th\\">h1</th><th class=\\"gridjs-th\\">h2</th><th class=\\"gridjs-th\\">h3</th></tr></thead><tbody class=\\"gridjs-tbody\\"><tr class=\\"gridjs-tr\\"><td role=\\"alert\\" colspan=\\"3\\" class=\\"gridjs-td gridjs-message gridjs-notfound\\">No matching records found</td></tr></tbody></table>"`;
