// Jest Snapshot v1, https://goo.gl/fbAQLP

exports[`Table component should render a table 1`] = `"<table class=\\"gridjs-table\\"><tbody class=\\"gridjs-tbody\\"><tr class=\\"gridjs-tr\\"><td class=\\"gridjs-td\\">1</td><td class=\\"gridjs-td\\">2</td><td class=\\"gridjs-td\\">3</td></tr><tr class=\\"gridjs-tr\\"><td class=\\"gridjs-td\\">a</td><td class=\\"gridjs-td\\">b</td><td class=\\"gridjs-td\\">c</td></tr></tbody></table>"`;

exports[`Table component should render a table with column sort 1`] = `"<table class=\\"gridjs-table\\"><thead class=\\"gridjs-thead\\"><tr class=\\"gridjs-tr\\"><th class=\\"gridjs-th gridjs-th-sort\\">h1<button title=\\"Sort column ascending\\" class=\\"gridjs-sort gridjs-sort-neutral\\"></button></th><th class=\\"gridjs-th\\">h2</th><th class=\\"gridjs-th gridjs-th-sort\\">h3<button title=\\"Sort column ascending\\" class=\\"gridjs-sort gridjs-sort-neutral\\"></button></th></tr></thead><tbody class=\\"gridjs-tbody\\"><tr class=\\"gridjs-tr\\"><td class=\\"gridjs-td\\">1</td><td class=\\"gridjs-td\\">2</td><td class=\\"gridjs-td\\">3</td></tr><tr class=\\"gridjs-tr\\"><td class=\\"gridjs-td\\">a</td><td class=\\"gridjs-td\\">b</td><td class=\\"gridjs-td\\">c</td></tr></tbody></table>"`;

exports[`Table component should render a table with column width 1`] = `"<table class=\\"gridjs-table\\"><thead class=\\"gridjs-thead\\"><tr class=\\"gridjs-tr\\"><th class=\\"gridjs-th\\" style=\\"width: 10%;\\">h1</th><th class=\\"gridjs-th\\">h2</th><th class=\\"gridjs-th\\" style=\\"width: 300px;\\">h3</th></tr></thead><tbody class=\\"gridjs-tbody\\"><tr class=\\"gridjs-tr\\"><td class=\\"gridjs-td\\">1</td><td class=\\"gridjs-td\\">2</td><td class=\\"gridjs-td\\">3</td></tr><tr class=\\"gridjs-tr\\"><td class=\\"gridjs-td\\">a</td><td class=\\"gridjs-td\\">b</td><td class=\\"gridjs-td\\">c</td></tr></tbody></table>"`;

exports[`Table component should render a table with header 1`] = `"<table class=\\"gridjs-table\\"><thead class=\\"gridjs-thead\\"><tr class=\\"gridjs-tr\\"><th class=\\"gridjs-th\\">h1</th><th class=\\"gridjs-th\\">h2</th><th class=\\"gridjs-th\\">h3</th></tr></thead><tbody class=\\"gridjs-tbody\\"><tr class=\\"gridjs-tr\\"><td class=\\"gridjs-td\\">1</td><td class=\\"gridjs-td\\">2</td><td class=\\"gridjs-td\\">3</td></tr><tr class=\\"gridjs-tr\\"><td class=\\"gridjs-td\\">a</td><td class=\\"gridjs-td\\">b</td><td class=\\"gridjs-td\\">c</td></tr></tbody></table>"`;

exports[`Table component should render a table with loading 1`] = `"<table class=\\"gridjs-table\\"><tbody class=\\"gridjs-tbody\\"><tr class=\\"gridjs-tr\\"><td class=\\"gridjs-td\\">1</td><td class=\\"gridjs-td\\">2</td><td class=\\"gridjs-td\\">3</td></tr><tr class=\\"gridjs-tr\\"><td class=\\"gridjs-td\\">a</td><td class=\\"gridjs-td\\">b</td><td class=\\"gridjs-td\\">c</td></tr></tbody></table>"`;

exports[`Table component should render a table with width 1`] = `"<table class=\\"gridjs-table\\" style=\\"width: 300px;\\"><thead class=\\"gridjs-thead\\"><tr class=\\"gridjs-tr\\"><th class=\\"gridjs-th\\">h1</th><th class=\\"gridjs-th\\">h2</th><th class=\\"gridjs-th\\">h3</th></tr></thead><tbody class=\\"gridjs-tbody\\"><tr class=\\"gridjs-tr\\"><td class=\\"gridjs-td\\">1</td><td class=\\"gridjs-td\\">2</td><td class=\\"gridjs-td\\">3</td></tr><tr class=\\"gridjs-tr\\"><td class=\\"gridjs-td\\">a</td><td class=\\"gridjs-td\\">b</td><td class=\\"gridjs-td\\">c</td></tr></tbody></table>"`;

exports[`Table component should render a table without autoFix 1`] = `"<table class=\\"gridjs-table\\"><thead class=\\"gridjs-thead\\"><tr class=\\"gridjs-tr\\"><th class=\\"gridjs-th\\">h1</th><th class=\\"gridjs-th\\">h2</th><th class=\\"gridjs-th\\">h3</th></tr></thead><tbody class=\\"gridjs-tbody\\"><tr class=\\"gridjs-tr\\"><td class=\\"gridjs-td\\">1</td><td class=\\"gridjs-td\\">2</td><td class=\\"gridjs-td\\">3</td></tr><tr class=\\"gridjs-tr\\"><td class=\\"gridjs-td\\">a</td><td class=\\"gridjs-td\\">b</td><td class=\\"gridjs-td\\">c</td></tr></tbody></table>"`;

exports[`Table component should render a table without data 1`] = `"<table class=\\"gridjs-table\\"><thead class=\\"gridjs-thead\\"><tr class=\\"gridjs-tr\\"><th class=\\"gridjs-th\\">h1</th><th class=\\"gridjs-th\\">h2</th><th class=\\"gridjs-th\\">h3</th></tr></thead><tbody class=\\"gridjs-tbody\\"><tr class=\\"gridjs-tr\\"><td colspan=\\"3\\" class=\\"gridjs-td gridjs-message gridjs-notfound\\">No matching records found</td></tr></tbody></table>"`;
